#-----------------------------------------------------------
# Vivado v2021.2 (64-bit)
# SW Build 3367213 on Tue Oct 19 02:48:09 MDT 2021
# IP Build 3369179 on Thu Oct 21 08:25:16 MDT 2021
# Start of session at: Thu Aug 20 19:42:06 2026
# Process ID: 33868
# Current directory: F:/my_ip/AXI4-LITE MDIO
# Command line: vivado.exe -gui_launcher_event rodinguilauncherevent9068 F:\my_ip\AXI4-LITE MDIO\edit_ip_project.xpr
# Log file: F:/my_ip/AXI4-LITE MDIO/vivado.log
# Journal file: F:/my_ip/AXI4-LITE MDIO\vivado.jou
# Running On: renpengyu, OS: Windows, CPU Frequency: 4700 MHz, CPU Physical cores: 16, Host memory: 50004 MB
#-----------------------------------------------------------
start_gui
open_project {F:/my_ip/AXI4-LITE MDIO/edit_ip_project.xpr}
update_compile_order -fileset sources_1
ipx::open_ipxact_file {F:/my_ip/AXI4-LITE MDIO/component.xml}
ipx::merge_project_changes ports [ipx::current_core]
set_property core_revision 14 [ipx::current_core]
ipx::create_xgui_files [ipx::current_core]
ipx::update_checksums [ipx::current_core]
ipx::check_integrity [ipx::current_core]
ipx::save_core [ipx::current_core]
update_ip_catalog -rebuild -repo_path {f:/my_ip/AXI4-LITE MDIO}
set_property core_revision 15 [ipx::current_core]
ipx::update_checksums [ipx::current_core]
ipx::check_integrity [ipx::current_core]
ipx::save_core [ipx::current_core]
update_ip_catalog -rebuild -repo_path {f:/my_ip/AXI4-LITE MDIO}
set_property core_revision 16 [ipx::current_core]
ipx::create_xgui_files [ipx::current_core]
ipx::update_checksums [ipx::current_core]
ipx::check_integrity [ipx::current_core]
ipx::save_core [ipx::current_core]
update_ip_catalog -rebuild -repo_path {f:/my_ip/AXI4-LITE MDIO}
