#-----------------------------------------------------------
# Vivado v2021.2 (64-bit)
# SW Build 3367213 on Tue Oct 19 02:48:09 MDT 2021
# IP Build 3369179 on Thu Oct 21 08:25:16 MDT 2021
# Start of session at: Thu Aug 20 20:07:28 2026
# Process ID: 54080
# Current directory: F:/my_ip/AXI4-LITE MDIO
# Command line: vivado.exe -gui_launcher_event rodinguilauncherevent23740 F:\my_ip\AXI4-LITE MDIO\edit_ip_project.xpr
# Log file: F:/my_ip/AXI4-LITE MDIO/vivado.log
# Journal file: F:/my_ip/AXI4-LITE MDIO\vivado.jou
# Running On: renpengyu, OS: Windows, CPU Frequency: 4700 MHz, CPU Physical cores: 16, Host memory: 50004 MB
#-----------------------------------------------------------
start_gui
open_project {F:/my_ip/AXI4-LITE MDIO/edit_ip_project.xpr}
WARNING: [Board 49-26] cannot add Board Part xilinx.com:vck190_es:part0:1.3 available at D:/Vivado/Vivado/2021.2/data/xhub/boards/XilinxBoardStore/boards/Xilinx/vck190/es/1.3/board.xml as part xcvc1902-vsva2197-2mp-e-s-es1 specified in board_part file is either invalid or not available
WARNING: [Board 49-26] cannot add Board Part xilinx.com:vmk180_es:part0:1.3 available at D:/Vivado/Vivado/2021.2/data/xhub/boards/XilinxBoardStore/boards/Xilinx/vmk180/es/1.3/board.xml as part xcvm1802-vsva2197-2mp-e-s-es1 specified in board_part file is either invalid or not available
WARNING: [Board 49-26] cannot add Board Part xilinx.com:vpk120_es:part0:1.2 available at D:/Vivado/Vivado/2021.2/data/xhub/boards/XilinxBoardStore/boards/Xilinx/vpk120/es/1.2/board.xml as part xcvp1202-vsva2785-2mp-e-s-es1 specified in board_part file is either invalid or not available
WARNING: [Board 49-26] cannot add Board Part xilinx.com:zcu208ld:part0:2.0 available at D:/Vivado/Vivado/2021.2/data/xhub/boards/XilinxBoardStore/boards/Xilinx/zcu208ld/production/2.0/board.xml as part xczu58dr-fsvg1517-2-i specified in board_part file is either invalid or not available
WARNING: [Board 49-26] cannot add Board Part xilinx.com:zcu208ld_es:part0:1.0 available at D:/Vivado/Vivado/2021.2/data/xhub/boards/XilinxBoardStore/boards/Xilinx/zcu208ld/es/1.0/board.xml as part xczu58dr-fsvg1517-2-i-es1 specified in board_part file is either invalid or not available
WARNING: [Board 49-26] cannot add Board Part xilinx.com:zcu216ld:part0:2.0 available at D:/Vivado/Vivado/2021.2/data/xhub/boards/XilinxBoardStore/boards/Xilinx/zcu216ld/production/2.0/board.xml as part xczu59dr-ffvf1760-2-i specified in board_part file is either invalid or not available
WARNING: [Board 49-26] cannot add Board Part xilinx.com:zcu216ld_es:part0:1.0 available at D:/Vivado/Vivado/2021.2/data/xhub/boards/XilinxBoardStore/boards/Xilinx/zcu216ld/es/1.0/board.xml as part xczu59dr-ffvf1760-2-i-es1 specified in board_part file is either invalid or not available
WARNING: [Board 49-26] cannot add Board Part xilinx.com:zcu670:part0:1.0 available at D:/Vivado/Vivado/2021.2/data/xhub/boards/XilinxBoardStore/boards/Xilinx/zcu670/1.0/board.xml as part xczu67dr-fsve1156-2-i specified in board_part file is either invalid or not available
INFO: [Project 1-313] Project file moved from 'D:/ip_repo/AXI4-LITE MDIO' since last save.
WARNING: [filemgmt 56-2] IP Repository Path: Could not find the directory 'F:/AXI_MDIO', nor could it be found using path 'D:/AXI_MDIO'.
INFO: [filemgmt 56-2] Default IP Output Path : Could not find the directory 'F:/my_ip/AXI4-LITE MDIO/edit_ip_project.gen/sources_1', nor could it be found using path 'D:/ip_repo/AXI4-LITE MDIO/edit_ip_project.gen/sources_1'.
WARNING: [filemgmt 56-2] IPUserFilesDir: Could not find the directory 'F:/my_ip/AXI4-LITE MDIO/edit_ip_project.ip_user_files', nor could it be found using path 'D:/ip_repo/AXI4-LITE MDIO/edit_ip_project.ip_user_files'.
Scanning sources...
Finished scanning sources
INFO: [IP_Flow 19-234] Refreshing IP repositories
INFO: [IP_Flow 19-1700] Loaded user IP repository 'f:/my_ip/AXI4-LITE MDIO'.
WARNING: [IP_Flow 19-2248] Failed to load user IP repository 'f:/AXI_MDIO'; Can't find the specified path.
If this directory should no longer be in your list of user repositories, go to the IP Settings dialog and remove it.
INFO: [IP_Flow 19-2313] Loaded Vivado IP repository 'D:/Vivado/Vivado/2021.2/data/ip'.
update_compile_order -fileset sources_1
ipx::open_ipxact_file {F:/my_ip/AXI4-LITE MDIO/component.xml}
WARNING: [IP_Flow 19-5226] Project source file 'f:/my_ip/AXI4-LITE MDIO/component.xml' ignored by IP packager.
WARNING: [IP_Flow 19-3898] File Group 'xilinx_anylanguagesynthesis (Synthesis)': File 'f:/my_ip/AXI4-LITE MDIO/AXI_MDIO.v' is not found in the project sources. It will be removed from the packaged IP when the sources are merged. If still required, please add this file to the project and re-package.
WARNING: [IP_Flow 19-3898] File Group 'xilinx_anylanguagebehavioralsimulation (Simulation)': File 'f:/my_ip/AXI4-LITE MDIO/AXI_MDIO.v' is not found in the project sources. It will be removed from the packaged IP when the sources are merged. If still required, please add this file to the project and re-package.
set_property core_revision 17 [ipx::current_core]
ipx::create_xgui_files [ipx::current_core]
ipx::update_checksums [ipx::current_core]
ipx::check_integrity [ipx::current_core]
INFO: [IP_Flow 19-2181] Payment Required is not set for this core.
INFO: [IP_Flow 19-2187] The Product Guide file is missing.
INFO: [Ipptcl 7-1486] check_integrity: Integrity check passed.
ipx::save_core [ipx::current_core]
update_ip_catalog -rebuild -repo_path {f:/my_ip/AXI4-LITE MDIO}
INFO: [IP_Flow 19-725] Reloaded user IP repository 'f:/my_ip/AXI4-LITE MDIO'
set_property core_revision 18 [ipx::current_core]
ipx::create_xgui_files [ipx::current_core]
ipx::update_checksums [ipx::current_core]
ipx::check_integrity [ipx::current_core]
INFO: [IP_Flow 19-2181] Payment Required is not set for this core.
INFO: [IP_Flow 19-2187] The Product Guide file is missing.
INFO: [Ipptcl 7-1486] check_integrity: Integrity check passed.
ipx::save_core [ipx::current_core]
update_ip_catalog -rebuild -repo_path {f:/my_ip/AXI4-LITE MDIO}
INFO: [IP_Flow 19-725] Reloaded user IP repository 'f:/my_ip/AXI4-LITE MDIO'
exit
INFO: [Common 17-206] Exiting Vivado at Thu Aug 20 20:35:54 2026...
