#-----------------------------------------------------------
# Vivado v2021.2 (64-bit)
# SW Build 3367213 on Tue Oct 19 02:48:09 MDT 2021
# IP Build 3369179 on Thu Oct 21 08:25:16 MDT 2021
# Start of session at: Thu Aug 20 10:50:14 2026
# Process ID: 26412
# Current directory: D:/ip_repo/AXI4-LITE MDIO
# Command line: vivado.exe -gui_launcher_event rodinguilauncherevent39136 D:\ip_repo\AXI4-LITE MDIO\edit_ip_project.xpr
# Log file: D:/ip_repo/AXI4-LITE MDIO/vivado.log
# Journal file: D:/ip_repo/AXI4-LITE MDIO\vivado.jou
# Running On: renpengyu, OS: Windows, CPU Frequency: 3072 MHz, CPU Physical cores: 16, Host memory: 33752 MB
#-----------------------------------------------------------
start_gui
open_project {D:/ip_repo/AXI4-LITE MDIO/edit_ip_project.xpr}
WARNING: [Board 49-26] cannot add Board Part xilinx.com:vck190_es:part0:1.3 available at D:/vivado2021/Vivado/2021.2/data/xhub/boards/XilinxBoardStore/boards/Xilinx/vck190/es/1.3/board.xml as part xcvc1902-vsva2197-2mp-e-s-es1 specified in board_part file is either invalid or not available
WARNING: [Board 49-26] cannot add Board Part xilinx.com:vmk180_es:part0:1.3 available at D:/vivado2021/Vivado/2021.2/data/xhub/boards/XilinxBoardStore/boards/Xilinx/vmk180/es/1.3/board.xml as part xcvm1802-vsva2197-2mp-e-s-es1 specified in board_part file is either invalid or not available
WARNING: [Board 49-26] cannot add Board Part xilinx.com:vpk120_es:part0:1.2 available at D:/vivado2021/Vivado/2021.2/data/xhub/boards/XilinxBoardStore/boards/Xilinx/vpk120/es/1.2/board.xml as part xcvp1202-vsva2785-2mp-e-s-es1 specified in board_part file is either invalid or not available
WARNING: [Board 49-26] cannot add Board Part xilinx.com:zcu208ld:part0:2.0 available at D:/vivado2021/Vivado/2021.2/data/xhub/boards/XilinxBoardStore/boards/Xilinx/zcu208ld/production/2.0/board.xml as part xczu58dr-fsvg1517-2-i specified in board_part file is either invalid or not available
WARNING: [Board 49-26] cannot add Board Part xilinx.com:zcu208ld_es:part0:1.0 available at D:/vivado2021/Vivado/2021.2/data/xhub/boards/XilinxBoardStore/boards/Xilinx/zcu208ld/es/1.0/board.xml as part xczu58dr-fsvg1517-2-i-es1 specified in board_part file is either invalid or not available
WARNING: [Board 49-26] cannot add Board Part xilinx.com:zcu216ld:part0:2.0 available at D:/vivado2021/Vivado/2021.2/data/xhub/boards/XilinxBoardStore/boards/Xilinx/zcu216ld/production/2.0/board.xml as part xczu59dr-ffvf1760-2-i specified in board_part file is either invalid or not available
WARNING: [Board 49-26] cannot add Board Part xilinx.com:zcu216ld_es:part0:1.0 available at D:/vivado2021/Vivado/2021.2/data/xhub/boards/XilinxBoardStore/boards/Xilinx/zcu216ld/es/1.0/board.xml as part xczu59dr-ffvf1760-2-i-es1 specified in board_part file is either invalid or not available
WARNING: [Board 49-26] cannot add Board Part xilinx.com:zcu670:part0:1.0 available at D:/vivado2021/Vivado/2021.2/data/xhub/boards/XilinxBoardStore/boards/Xilinx/zcu670/1.0/board.xml as part xczu67dr-fsve1156-2-i specified in board_part file is either invalid or not available
INFO: [filemgmt 56-3] Default IP Output Path : Could not find the directory 'D:/ip_repo/AXI4-LITE MDIO/edit_ip_project.gen/sources_1'.
Scanning sources...
Finished scanning sources
INFO: [IP_Flow 19-234] Refreshing IP repositories
INFO: [IP_Flow 19-1700] Loaded user IP repository 'd:/AXI_MDIO'.
INFO: [IP_Flow 19-2313] Loaded Vivado IP repository 'D:/vivado2021/Vivado/2021.2/data/ip'.
open_project: Time (s): cpu = 00:00:12 ; elapsed = 00:00:06 . Memory (MB): peak = 1596.914 ; gain = 0.000
update_compile_order -fileset sources_1
ipx::open_ipxact_file {D:/ip_repo/AXI4-LITE MDIO/component.xml}
WARNING: [IP_Flow 19-5226] Project source file 'd:/ip_repo/AXI4-LITE MDIO/component.xml' ignored by IP packager.
WARNING: [IP_Flow 19-3898] File Group 'xilinx_anylanguagesynthesis (Synthesis)': File 'd:/ip_repo/AXI4-LITE MDIO/AXI_MDIO.v' is not found in the project sources. It will be removed from the packaged IP when the sources are merged. If still required, please add this file to the project and re-package.
WARNING: [IP_Flow 19-3898] File Group 'xilinx_anylanguagebehavioralsimulation (Simulation)': File 'd:/ip_repo/AXI4-LITE MDIO/AXI_MDIO.v' is not found in the project sources. It will be removed from the packaged IP when the sources are merged. If still required, please add this file to the project and re-package.
ipx::merge_project_changes hdl_parameters [ipx::current_core]
WARNING: [IP_Flow 19-5226] Project source file 'd:/ip_repo/AXI4-LITE MDIO/component.xml' ignored by IP packager.
WARNING: [IP_Flow 19-4300] HDL parameter 'ADDR_WIDTH' has its value changed from '32' to '12'.
WARNING: [IP_Flow 19-4300] HDL parameter 'DATA_WIDTH' has its value changed from '12' to '32'.
INFO: [IP_Flow 19-3166] Bus Interface 'S_AXI': References existing memory map 'S_AXI'.
set_property core_revision 2 [ipx::current_core]
ipx::create_xgui_files [ipx::current_core]
ipx::update_checksums [ipx::current_core]
ipx::check_integrity [ipx::current_core]
INFO: [IP_Flow 19-7067] Note that bus interface 'S_AXI_ACLK' has a fixed FREQ_HZ of '100000000'. This value will be respected whenever this IP is instantiated in IP Integrator.
INFO: [IP_Flow 19-2181] Payment Required is not set for this core.
INFO: [IP_Flow 19-2187] The Product Guide file is missing.
INFO: [Ipptcl 7-1486] check_integrity: Integrity check passed.
ipx::save_core [ipx::current_core]
set_property  ip_repo_paths  {{d:/ip_repo/AXI4-LITE MDIO} d:/AXI_MDIO} [current_project]
update_ip_catalog
INFO: [IP_Flow 19-234] Refreshing IP repositories
INFO: [IP_Flow 19-1700] Loaded user IP repository 'd:/ip_repo/AXI4-LITE MDIO'.
INFO: [IP_Flow 19-1700] Loaded user IP repository 'd:/AXI_MDIO'.
WARNING: [IP_Flow 19-1663] Duplicate IP found for 'PengyuRen:user:AXI_MDIO:1.0'. The one found in IP location 'd:/AXI_MDIO' will take precedence over the same IP in location d:/ip_repo/AXI4-LITE MDIO
set_property core_revision 3 [ipx::current_core]
ipx::create_xgui_files [ipx::current_core]
ipx::update_checksums [ipx::current_core]
ipx::check_integrity [ipx::current_core]
INFO: [IP_Flow 19-7067] Note that bus interface 'S_AXI_ACLK' has a fixed FREQ_HZ of '100000000'. This value will be respected whenever this IP is instantiated in IP Integrator.
INFO: [IP_Flow 19-2181] Payment Required is not set for this core.
INFO: [IP_Flow 19-2187] The Product Guide file is missing.
INFO: [Ipptcl 7-1486] check_integrity: Integrity check passed.
ipx::save_core [ipx::current_core]
update_ip_catalog -rebuild -repo_path {d:/ip_repo/AXI4-LITE MDIO}
INFO: [IP_Flow 19-725] Reloaded user IP repository 'd:/ip_repo/AXI4-LITE MDIO'
WARNING: [IP_Flow 19-1663] Duplicate IP found for 'PengyuRen:user:AXI_MDIO:1.0'. The one found in IP location 'd:/AXI_MDIO' will take precedence over the same IP in location d:/ip_repo/AXI4-LITE MDIO
set_property core_revision 4 [ipx::current_core]
ipx::create_xgui_files [ipx::current_core]
ipx::update_checksums [ipx::current_core]
ipx::check_integrity [ipx::current_core]
INFO: [IP_Flow 19-7067] Note that bus interface 'S_AXI_ACLK' has a fixed FREQ_HZ of '100000000'. This value will be respected whenever this IP is instantiated in IP Integrator.
INFO: [IP_Flow 19-2181] Payment Required is not set for this core.
INFO: [IP_Flow 19-2187] The Product Guide file is missing.
INFO: [Ipptcl 7-1486] check_integrity: Integrity check passed.
ipx::save_core [ipx::current_core]
update_ip_catalog -rebuild -repo_path {d:/ip_repo/AXI4-LITE MDIO}
INFO: [IP_Flow 19-725] Reloaded user IP repository 'd:/ip_repo/AXI4-LITE MDIO'
WARNING: [IP_Flow 19-1663] Duplicate IP found for 'PengyuRen:user:AXI_MDIO:1.0'. The one found in IP location 'd:/AXI_MDIO' will take precedence over the same IP in location d:/ip_repo/AXI4-LITE MDIO
set_property core_revision 5 [ipx::current_core]
ipx::create_xgui_files [ipx::current_core]
ipx::update_checksums [ipx::current_core]
ipx::check_integrity [ipx::current_core]
INFO: [IP_Flow 19-7067] Note that bus interface 'S_AXI_ACLK' has a fixed FREQ_HZ of '100000000'. This value will be respected whenever this IP is instantiated in IP Integrator.
INFO: [IP_Flow 19-2181] Payment Required is not set for this core.
INFO: [IP_Flow 19-2187] The Product Guide file is missing.
INFO: [Ipptcl 7-1486] check_integrity: Integrity check passed.
ipx::save_core [ipx::current_core]
update_ip_catalog -rebuild -repo_path {d:/ip_repo/AXI4-LITE MDIO}
INFO: [IP_Flow 19-725] Reloaded user IP repository 'd:/ip_repo/AXI4-LITE MDIO'
WARNING: [IP_Flow 19-1663] Duplicate IP found for 'PengyuRen:user:AXI_MDIO:1.0'. The one found in IP location 'd:/AXI_MDIO' will take precedence over the same IP in location d:/ip_repo/AXI4-LITE MDIO
set_property core_revision 6 [ipx::current_core]
ipx::create_xgui_files [ipx::current_core]
ipx::update_checksums [ipx::current_core]
ipx::check_integrity [ipx::current_core]
INFO: [IP_Flow 19-7067] Note that bus interface 'S_AXI_ACLK' has a fixed FREQ_HZ of '100000000'. This value will be respected whenever this IP is instantiated in IP Integrator.
INFO: [IP_Flow 19-2181] Payment Required is not set for this core.
INFO: [IP_Flow 19-2187] The Product Guide file is missing.
INFO: [Ipptcl 7-1486] check_integrity: Integrity check passed.
ipx::save_core [ipx::current_core]
update_ip_catalog -rebuild -repo_path {d:/ip_repo/AXI4-LITE MDIO}
INFO: [IP_Flow 19-725] Reloaded user IP repository 'd:/ip_repo/AXI4-LITE MDIO'
WARNING: [IP_Flow 19-1663] Duplicate IP found for 'PengyuRen:user:AXI_MDIO:1.0'. The one found in IP location 'd:/AXI_MDIO' will take precedence over the same IP in location d:/ip_repo/AXI4-LITE MDIO
set_property core_revision 7 [ipx::current_core]
ipx::create_xgui_files [ipx::current_core]
ipx::update_checksums [ipx::current_core]
ipx::check_integrity [ipx::current_core]
INFO: [IP_Flow 19-7067] Note that bus interface 'S_AXI_ACLK' has a fixed FREQ_HZ of '100000000'. This value will be respected whenever this IP is instantiated in IP Integrator.
INFO: [IP_Flow 19-2181] Payment Required is not set for this core.
INFO: [IP_Flow 19-2187] The Product Guide file is missing.
INFO: [Ipptcl 7-1486] check_integrity: Integrity check passed.
ipx::save_core [ipx::current_core]
update_ip_catalog -rebuild -repo_path {d:/ip_repo/AXI4-LITE MDIO}
INFO: [IP_Flow 19-725] Reloaded user IP repository 'd:/ip_repo/AXI4-LITE MDIO'
WARNING: [IP_Flow 19-1663] Duplicate IP found for 'PengyuRen:user:AXI_MDIO:1.0'. The one found in IP location 'd:/AXI_MDIO' will take precedence over the same IP in location d:/ip_repo/AXI4-LITE MDIO
set_property core_revision 8 [ipx::current_core]
ipx::create_xgui_files [ipx::current_core]
ipx::update_checksums [ipx::current_core]
ipx::check_integrity [ipx::current_core]
INFO: [IP_Flow 19-7067] Note that bus interface 'S_AXI_ACLK' has a fixed FREQ_HZ of '100000000'. This value will be respected whenever this IP is instantiated in IP Integrator.
INFO: [IP_Flow 19-2181] Payment Required is not set for this core.
INFO: [IP_Flow 19-2187] The Product Guide file is missing.
INFO: [Ipptcl 7-1486] check_integrity: Integrity check passed.
ipx::save_core [ipx::current_core]
update_ip_catalog -rebuild -repo_path {d:/ip_repo/AXI4-LITE MDIO}
INFO: [IP_Flow 19-725] Reloaded user IP repository 'd:/ip_repo/AXI4-LITE MDIO'
WARNING: [IP_Flow 19-1663] Duplicate IP found for 'PengyuRen:user:AXI_MDIO:1.0'. The one found in IP location 'd:/AXI_MDIO' will take precedence over the same IP in location d:/ip_repo/AXI4-LITE MDIO
set_property core_revision 9 [ipx::current_core]
ipx::create_xgui_files [ipx::current_core]
ipx::update_checksums [ipx::current_core]
ipx::check_integrity [ipx::current_core]
INFO: [IP_Flow 19-7067] Note that bus interface 'S_AXI_ACLK' has a fixed FREQ_HZ of '100000000'. This value will be respected whenever this IP is instantiated in IP Integrator.
INFO: [IP_Flow 19-2181] Payment Required is not set for this core.
INFO: [IP_Flow 19-2187] The Product Guide file is missing.
INFO: [Ipptcl 7-1486] check_integrity: Integrity check passed.
ipx::save_core [ipx::current_core]
update_ip_catalog -rebuild -repo_path {d:/ip_repo/AXI4-LITE MDIO}
INFO: [IP_Flow 19-725] Reloaded user IP repository 'd:/ip_repo/AXI4-LITE MDIO'
WARNING: [IP_Flow 19-1663] Duplicate IP found for 'PengyuRen:user:AXI_MDIO:1.0'. The one found in IP location 'd:/AXI_MDIO' will take precedence over the same IP in location d:/ip_repo/AXI4-LITE MDIO
set_property core_revision 10 [ipx::current_core]
ipx::create_xgui_files [ipx::current_core]
ipx::update_checksums [ipx::current_core]
ipx::check_integrity [ipx::current_core]
INFO: [IP_Flow 19-7067] Note that bus interface 'S_AXI_ACLK' has a fixed FREQ_HZ of '100000000'. This value will be respected whenever this IP is instantiated in IP Integrator.
INFO: [IP_Flow 19-2181] Payment Required is not set for this core.
INFO: [IP_Flow 19-2187] The Product Guide file is missing.
INFO: [Ipptcl 7-1486] check_integrity: Integrity check passed.
ipx::save_core [ipx::current_core]
update_ip_catalog -rebuild -repo_path {d:/ip_repo/AXI4-LITE MDIO}
INFO: [IP_Flow 19-725] Reloaded user IP repository 'd:/ip_repo/AXI4-LITE MDIO'
WARNING: [IP_Flow 19-1663] Duplicate IP found for 'PengyuRen:user:AXI_MDIO:1.0'. The one found in IP location 'd:/AXI_MDIO' will take precedence over the same IP in location d:/ip_repo/AXI4-LITE MDIO
set_property core_revision 11 [ipx::current_core]
ipx::create_xgui_files [ipx::current_core]
ipx::update_checksums [ipx::current_core]
ipx::check_integrity [ipx::current_core]
INFO: [IP_Flow 19-7067] Note that bus interface 'S_AXI_ACLK' has a fixed FREQ_HZ of '100000000'. This value will be respected whenever this IP is instantiated in IP Integrator.
INFO: [IP_Flow 19-2181] Payment Required is not set for this core.
INFO: [IP_Flow 19-2187] The Product Guide file is missing.
INFO: [Ipptcl 7-1486] check_integrity: Integrity check passed.
ipx::save_core [ipx::current_core]
update_ip_catalog -rebuild -repo_path {d:/ip_repo/AXI4-LITE MDIO}
INFO: [IP_Flow 19-725] Reloaded user IP repository 'd:/ip_repo/AXI4-LITE MDIO'
WARNING: [IP_Flow 19-1663] Duplicate IP found for 'PengyuRen:user:AXI_MDIO:1.0'. The one found in IP location 'd:/AXI_MDIO' will take precedence over the same IP in location d:/ip_repo/AXI4-LITE MDIO
set_property core_revision 12 [ipx::current_core]
ipx::create_xgui_files [ipx::current_core]
ipx::update_checksums [ipx::current_core]
ipx::check_integrity [ipx::current_core]
INFO: [IP_Flow 19-7067] Note that bus interface 'S_AXI_ACLK' has a fixed FREQ_HZ of '100000000'. This value will be respected whenever this IP is instantiated in IP Integrator.
INFO: [IP_Flow 19-2181] Payment Required is not set for this core.
INFO: [IP_Flow 19-2187] The Product Guide file is missing.
INFO: [Ipptcl 7-1486] check_integrity: Integrity check passed.
ipx::save_core [ipx::current_core]
update_ip_catalog -rebuild -repo_path {d:/ip_repo/AXI4-LITE MDIO}
INFO: [IP_Flow 19-725] Reloaded user IP repository 'd:/ip_repo/AXI4-LITE MDIO'
WARNING: [IP_Flow 19-1663] Duplicate IP found for 'PengyuRen:user:AXI_MDIO:1.0'. The one found in IP location 'd:/AXI_MDIO' will take precedence over the same IP in location d:/ip_repo/AXI4-LITE MDIO
ipx::merge_project_changes ports [ipx::current_core]
WARNING: [IP_Flow 19-5226] Project source file 'd:/ip_repo/AXI4-LITE MDIO/component.xml' ignored by IP packager.
INFO: [IP_Flow 19-3166] Bus Interface 'S_AXI': References existing memory map 'S_AXI'.
set_property show_range {false} [ipgui::get_guiparamspec -name "MDC_CLK_FREQ_HZ" -component [ipx::current_core] ]
set_property display_name {MDC CLK FREQ Hz} [ipgui::get_guiparamspec -name "MDC_CLK_FREQ_HZ" -component [ipx::current_core] ]
set_property tooltip {MDC CLK FREQ Hz} [ipgui::get_guiparamspec -name "MDC_CLK_FREQ_HZ" -component [ipx::current_core] ]
set_property widget {comboBox} [ipgui::get_guiparamspec -name "MDC_CLK_FREQ_HZ" -component [ipx::current_core] ]
set_property enablement_value true [ipx::get_user_parameters MDC_CLK_FREQ_HZ -of_objects [ipx::current_core]]
set_property value_validation_type list [ipx::get_user_parameters MDC_CLK_FREQ_HZ -of_objects [ipx::current_core]]
set_property value_validation_list {1000000 2000000 2500000} [ipx::get_user_parameters MDC_CLK_FREQ_HZ -of_objects [ipx::current_core]]
set_property display_name {AXI ADDR WIDTH} [ipgui::get_guiparamspec -name "ADDR_WIDTH" -component [ipx::current_core] ]
set_property tooltip {AXI ADDR WIDTH} [ipgui::get_guiparamspec -name "ADDR_WIDTH" -component [ipx::current_core] ]
set_property widget {textEdit} [ipgui::get_guiparamspec -name "ADDR_WIDTH" -component [ipx::current_core] ]
set_property display_name {AXI CLK FREQ Hz} [ipgui::get_guiparamspec -name "AXI_CLK_FREQ_HZ" -component [ipx::current_core] ]
set_property tooltip {AXI CLK FREQ Hz} [ipgui::get_guiparamspec -name "AXI_CLK_FREQ_HZ" -component [ipx::current_core] ]
set_property widget {textEdit} [ipgui::get_guiparamspec -name "AXI_CLK_FREQ_HZ" -component [ipx::current_core] ]
set_property enablement_value true [ipx::get_user_parameters AXI_CLK_FREQ_HZ -of_objects [ipx::current_core]]
set_property value_validation_type range_long [ipx::get_user_parameters AXI_CLK_FREQ_HZ -of_objects [ipx::current_core]]
set_property value_validation_range_minimum 5000000 [ipx::get_user_parameters AXI_CLK_FREQ_HZ -of_objects [ipx::current_core]]
set_property value_validation_range_maximum 100000000 [ipx::get_user_parameters AXI_CLK_FREQ_HZ -of_objects [ipx::current_core]]
set_property display_name {AXI DATA WIDTH} [ipgui::get_guiparamspec -name "DATA_WIDTH" -component [ipx::current_core] ]
set_property tooltip {AXI DATA WIDTH} [ipgui::get_guiparamspec -name "DATA_WIDTH" -component [ipx::current_core] ]
set_property widget {textEdit} [ipgui::get_guiparamspec -name "DATA_WIDTH" -component [ipx::current_core] ]
set_property display_name {PHY ADDR} [ipgui::get_guiparamspec -name "PHY_ADDR" -component [ipx::current_core] ]
set_property tooltip {PHY ADDR} [ipgui::get_guiparamspec -name "PHY_ADDR" -component [ipx::current_core] ]
set_property widget {hexEdit} [ipgui::get_guiparamspec -name "PHY_ADDR" -component [ipx::current_core] ]
set_property display_name {PHY ADDR} [ipgui::get_guiparamspec -name "PHY_ADDR" -component [ipx::current_core] ]
set_property widget {hexEdit} [ipgui::get_guiparamspec -name "PHY_ADDR" -component [ipx::current_core] ]
set_property display_name {PHY ADDRESS} [ipgui::get_guiparamspec -name "PHY_ADDR" -component [ipx::current_core] ]
set_property widget {hexEdit} [ipgui::get_guiparamspec -name "PHY_ADDR" -component [ipx::current_core] ]
ipx::update_checksums [ipx::current_core]
ipx::save_core [ipx::current_core]
ipx::remove_bus_parameter FREQ_HZ [ipx::get_bus_interfaces S_AXI_ACLK -of_objects [ipx::current_core]]
ipx::update_checksums [ipx::current_core]
ipx::save_core [ipx::current_core]
set_property core_revision 13 [ipx::current_core]
ipx::create_xgui_files [ipx::current_core]
ipx::update_checksums [ipx::current_core]
ipx::check_integrity [ipx::current_core]
INFO: [IP_Flow 19-2181] Payment Required is not set for this core.
INFO: [IP_Flow 19-2187] The Product Guide file is missing.
INFO: [Ipptcl 7-1486] check_integrity: Integrity check passed.
ipx::save_core [ipx::current_core]
update_ip_catalog -rebuild -repo_path {d:/ip_repo/AXI4-LITE MDIO}
INFO: [IP_Flow 19-725] Reloaded user IP repository 'd:/ip_repo/AXI4-LITE MDIO'
WARNING: [IP_Flow 19-1663] Duplicate IP found for 'PengyuRen:user:AXI_MDIO:1.0'. The one found in IP location 'd:/AXI_MDIO' will take precedence over the same IP in location d:/ip_repo/AXI4-LITE MDIO
